Archive member included to satisfy reference by file (symbol)

/usr/lib/gcc/arm-none-eabi/13.2.1/../../../arm-none-eabi/lib/thumb/v6-m/nofp/libc_nano.a(libc_a-init.o)
                              /usr/lib/gcc/arm-none-eabi/13.2.1/../../../arm-none-eabi/lib/thumb/v6-m/nofp/crt0.o (__libc_init_array)
/usr/lib/gcc/arm-none-eabi/13.2.1/../../../arm-none-eabi/lib/thumb/v6-m/nofp/libc_nano.a(libc_a-memset.o)
                              /usr/lib/gcc/arm-none-eabi/13.2.1/../../../arm-none-eabi/lib/thumb/v6-m/nofp/crt0.o (memset)
/usr/lib/gcc/arm-none-eabi/13.2.1/../../../arm-none-eabi/lib/thumb/v6-m/nofp/libc_nano.a(libc_a-errno.o)
                              ../Core/Src/syscalls.o (__errno)
/usr/lib/gcc/arm-none-eabi/13.2.1/../../../arm-none-eabi/lib/thumb/v6-m/nofp/libc_nano.a(libc_a-exit.o)
                              /usr/lib/gcc/arm-none-eabi/13.2.1/../../../arm-none-eabi/lib/thumb/v6-m/nofp/crt0.o (exit)
/usr/lib/gcc/arm-none-eabi/13.2.1/../../../arm-none-eabi/lib/thumb/v6-m/nofp/libc_nano.a(libc_a-atexit.o)
                              /usr/lib/gcc/arm-none-eabi/13.2.1/../../../arm-none-eabi/lib/thumb/v6-m/nofp/crt0.o (atexit)
/usr/lib/gcc/arm-none-eabi/13.2.1/../../../arm-none-eabi/lib/thumb/v6-m/nofp/libc_nano.a(libc_a-memcpy-stub.o)
                              ../Core/Src/comms.o (memcpy)
/usr/lib/gcc/arm-none-eabi/13.2.1/../../../arm-none-eabi/lib/thumb/v6-m/nofp/libc_nano.a(libc_a-fini.o)
                              /usr/lib/gcc/arm-none-eabi/13.2.1/../../../arm-none-eabi/lib/thumb/v6-m/nofp/crt0.o (__libc_fini_array)
/usr/lib/gcc/arm-none-eabi/13.2.1/../../../arm-none-eabi/lib/thumb/v6-m/nofp/libc_nano.a(libc_a-impure.o)
                              /usr/lib/gcc/arm-none-eabi/13.2.1/../../../arm-none-eabi/lib/thumb/v6-m/nofp/libc_nano.a(libc_a-errno.o) (_impure_ptr)
/usr/lib/gcc/arm-none-eabi/13.2.1/../../../arm-none-eabi/lib/thumb/v6-m/nofp/libc_nano.a(libc_a-findfp.o)
                              /usr/lib/gcc/arm-none-eabi/13.2.1/../../../arm-none-eabi/lib/thumb/v6-m/nofp/libc_nano.a(libc_a-exit.o) (__stdio_exit_handler)
/usr/lib/gcc/arm-none-eabi/13.2.1/../../../arm-none-eabi/lib/thumb/v6-m/nofp/libc_nano.a(libc_a-fflush.o)
                              /usr/lib/gcc/arm-none-eabi/13.2.1/../../../arm-none-eabi/lib/thumb/v6-m/nofp/libc_nano.a(libc_a-findfp.o) (_fflush_r)
/usr/lib/gcc/arm-none-eabi/13.2.1/../../../arm-none-eabi/lib/thumb/v6-m/nofp/libc_nano.a(libc_a-mallocr.o)
                              /usr/lib/gcc/arm-none-eabi/13.2.1/../../../arm-none-eabi/lib/thumb/v6-m/nofp/libc_nano.a(libc_a-findfp.o) (_malloc_r)
/usr/lib/gcc/arm-none-eabi/13.2.1/../../../arm-none-eabi/lib/thumb/v6-m/nofp/libc_nano.a(libc_a-freer.o)
                              /usr/lib/gcc/arm-none-eabi/13.2.1/../../../arm-none-eabi/lib/thumb/v6-m/nofp/libc_nano.a(libc_a-fflush.o) (_free_r)
/usr/lib/gcc/arm-none-eabi/13.2.1/../../../arm-none-eabi/lib/thumb/v6-m/nofp/libc_nano.a(libc_a-fwalk.o)
                              /usr/lib/gcc/arm-none-eabi/13.2.1/../../../arm-none-eabi/lib/thumb/v6-m/nofp/libc_nano.a(libc_a-findfp.o) (_fwalk_sglue)
/usr/lib/gcc/arm-none-eabi/13.2.1/../../../arm-none-eabi/lib/thumb/v6-m/nofp/libc_nano.a(libc_a-__atexit.o)
                              /usr/lib/gcc/arm-none-eabi/13.2.1/../../../arm-none-eabi/lib/thumb/v6-m/nofp/libc_nano.a(libc_a-atexit.o) (__register_exitproc)
/usr/lib/gcc/arm-none-eabi/13.2.1/../../../arm-none-eabi/lib/thumb/v6-m/nofp/libc_nano.a(libc_a-mlock.o)
                              /usr/lib/gcc/arm-none-eabi/13.2.1/../../../arm-none-eabi/lib/thumb/v6-m/nofp/libc_nano.a(libc_a-mallocr.o) (__malloc_lock)
/usr/lib/gcc/arm-none-eabi/13.2.1/../../../arm-none-eabi/lib/thumb/v6-m/nofp/libc_nano.a(libc_a-sbrkr.o)
                              /usr/lib/gcc/arm-none-eabi/13.2.1/../../../arm-none-eabi/lib/thumb/v6-m/nofp/libc_nano.a(libc_a-mallocr.o) (_sbrk_r)
/usr/lib/gcc/arm-none-eabi/13.2.1/../../../arm-none-eabi/lib/thumb/v6-m/nofp/libc_nano.a(libc_a-stdio.o)
                              /usr/lib/gcc/arm-none-eabi/13.2.1/../../../arm-none-eabi/lib/thumb/v6-m/nofp/libc_nano.a(libc_a-findfp.o) (__sread)
/usr/lib/gcc/arm-none-eabi/13.2.1/../../../arm-none-eabi/lib/thumb/v6-m/nofp/libc_nano.a(libc_a-closer.o)
                              /usr/lib/gcc/arm-none-eabi/13.2.1/../../../arm-none-eabi/lib/thumb/v6-m/nofp/libc_nano.a(libc_a-stdio.o) (_close_r)
/usr/lib/gcc/arm-none-eabi/13.2.1/../../../arm-none-eabi/lib/thumb/v6-m/nofp/libc_nano.a(libc_a-__call_atexit.o)
                              /usr/lib/gcc/arm-none-eabi/13.2.1/../../../arm-none-eabi/lib/thumb/v6-m/nofp/libc_nano.a(libc_a-__atexit.o) (__call_exitprocs)
/usr/lib/gcc/arm-none-eabi/13.2.1/../../../arm-none-eabi/lib/thumb/v6-m/nofp/libc_nano.a(libc_a-readr.o)
                              /usr/lib/gcc/arm-none-eabi/13.2.1/../../../arm-none-eabi/lib/thumb/v6-m/nofp/libc_nano.a(libc_a-stdio.o) (_read_r)
/usr/lib/gcc/arm-none-eabi/13.2.1/../../../arm-none-eabi/lib/thumb/v6-m/nofp/libc_nano.a(libc_a-reent.o)
[...]
Memory Configuration

Name             Origin             Length             Attributes
RAM              0x20000000         0x00003000         xrw
FLASH            0x08000000         0x00004000         xr
POSTBUILD        0x08003f00         0x00000100         xr
*default*        0x00000000         0xffffffff

Linker script and memory map

LOAD /usr/lib/gcc/arm-none-eabi/13.2.1/thumb/v6-m/nofp/crti.o
LOAD /usr/lib/gcc/arm-none-eabi/13.2.1/thumb/v6-m/nofp/crtbegin.o
LOAD /usr/lib/gcc/arm-none-eabi/13.2.1/../../../arm-none-eabi/lib/thumb/v6-m/nofp/crt0.o
LOAD ../Core/Src/comms.o
LOAD ../Core/Src/ringBuf.o
LOAD ../Core/Src/auxiliar_functions.o
LOAD ../Core/Src/regFile.o
LOAD ../Core/Src/main.o
LOAD ../Core/Src/syscalls.o
LOAD ../Core/Src/handlers.o
LOAD ../Core/Src/led_fsm.o
LOAD ../Core/Src/peripheral_init.o
LOAD ../Core/Src/sysmem.o
LOAD ../Core/Src/system_stm32c0xx.o
LOAD ../Core/Src/global_state.o
LOAD ../Core/Src/power_fsm.o
LOAD ../Core/Src/stm32c0xx_it.o
LOAD ../Core/Drivers/Button/Src/button.o
LOAD ../Core/Drivers/Leds/Src/leds.o
LOAD ../Drivers/STM32C0xx_HAL_Driver/Src/stm32c0xx_ll_pwr.o
LOAD ../Drivers/STM32C0xx_HAL_Driver/Src/stm32c0xx_ll_tim.o
LOAD ../Drivers/STM32C0xx_HAL_Driver/Src/stm32c0xx_ll_rcc.o
LOAD ../Drivers/STM32C0xx_HAL_Driver/Src/stm32c0xx_ll_gpio.o
LOAD ../Drivers/STM32C0xx_HAL_Driver/Src/stm32c0xx_ll_dma.o
LOAD ../Drivers/STM32C0xx_HAL_Driver/Src/stm32c0xx_ll_exti.o
LOAD ../Drivers/STM32C0xx_HAL_Driver/Src/stm32c0xx_ll_utils.o
LOAD ../Drivers/STM32C0xx_HAL_Driver/Src/stm32c0xx_ll_adc.o
LOAD ../Drivers/STM32C0xx_HAL_Driver/Src/stm32c0xx_ll_usart.o
LOAD ../Drivers/STM32C0xx_HAL_Driver/Src/stm32c0xx_ll_spi.o
LOAD ../Init/Src/system_init.o
LOAD ../sdk/Src/SDK_gpio.o
LOAD ../sdk/Src/SDK_pwm.o
LOAD ../sdk/Src/SDK_i2c.o
LOAD ../sdk/Src/SDK_systick.o
LOAD ../sdk/Src/SDK_tim.o
LOAD ../sdk/Src/SDK_uart.o
LOAD ../sdk/Src/SDK_spi.o
LOAD ../sdk/Src/SDK_adc.o
LOAD ../Core/Startup/startup_stm32c031g4ux.o
START GROUP
LOAD /usr/lib/gcc/arm-none-eabi/13.2.1/../../../arm-none-eabi/lib/thumb/v6-m/nofp/libc_nano.a
LOAD /usr/lib/gcc/arm-none-eabi/13.2.1/../../../arm-none-eabi/lib/thumb/v6-m/nofp/libm.a
END GROUP
START GROUP
LOAD /usr/lib/gcc/arm-none-eabi/13.2.1/thumb/v6-m/nofp/libgcc.a
LOAD /usr/lib/gcc/arm-none-eabi/13.2.1/../../../arm-none-eabi/lib/thumb/v6-m/nofp/libc_nano.a
END GROUP
START GROUP
LOAD /usr/lib/gcc/arm-none-eabi/13.2.1/thumb/v6-m/nofp/libgcc.a
LOAD /usr/lib/gcc/arm-none-eabi/13.2.1/../../../arm-none-eabi/lib/thumb/v6-m/nofp/libc_nano.a
LOAD /usr/lib/gcc/arm-none-eabi/13.2.1/../../../arm-none-eabi/lib/thumb/v6-m/nofp/libnosys.a
END GROUP
START GROUP
LOAD /usr/lib/gcc/arm-none-eabi/13.2.1/thumb/v6-m/nofp/libgcc.a
LOAD /usr/lib/gcc/arm-none-eabi/13.2.1/../../../arm-none-eabi/lib/thumb/v6-m/nofp/libc_nano.a
LOAD /usr/lib/gcc/arm-none-eabi/13.2.1/../../../arm-none-eabi/lib/thumb/v6-m/nofp/libnosys.a
END GROUP
LOAD /usr/lib/gcc/arm-none-eabi/13.2.1/thumb/v6-m/nofp/crtend.o
LOAD /usr/lib/gcc/arm-none-eabi/13.2.1/thumb/v6-m/nofp/crtn.o
                0x20003000                        _estack = (ORIGIN (RAM) + LENGTH (RAM))
                0x00000200                        _Min_Heap_Size = 0x200
                0x00000400                        _Min_Stack_Size = 0x400

.isr_vector     0x08000000       0xc0
                0x08000000                        . = ALIGN (0x4)
 *(.isr_vector)
 .isr_vector    0x08000000       0xc0 ../Core/Startup/startup_stm32c031g4ux.o
                0x08000000                g_pfnVectors
                0x080000c0                        . = ALIGN (0x4)

.text           0x080000c0     0x2508
                0x080000c0                        . = ALIGN (0x4)
 *(.text)
 .text          0x080000c0       0x98 /usr/lib/gcc/arm-none-eabi/13.2.1/thumb/v6-m/nofp/crtbegin.o
 .text          0x08000158       0x48 /usr/lib/gcc/arm-none-eabi/13.2.1/../../../arm-none-eabi/lib/thumb/v6-m/nofp/libc_nano.a(libc_a-init.o)
                0x08000158                __libc_init_array
 .text          0x080001a0       0xa8 /usr/lib/gcc/arm-none-eabi/13.2.1/../../../arm-none-eabi/lib/thumb/v6-m/nofp/libc_nano.a(libc_a-memset.o)
                0x080001a0                memset
 .text          0x08000248       0x8c /usr/lib/gcc/arm-none-eabi/13.2.1/../../../arm-none-eabi/lib/thumb/v6-m/nofp/libc_nano.a(libc_a-memcpy-stub.o)
                0x08000248                memcpy
 .text          0x080002d4      0x114 /usr/lib/gcc/arm-none-eabi/13.2.1/thumb/v6-m/nofp/libgcc.a(_udivsi3.o)
                0x080002d4                __udivsi3
                0x080002d4                __aeabi_uidiv
                0x080003e0                __aeabi_uidivmod
 .text          0x080003e8      0x1d4 /usr/lib/gcc/arm-none-eabi/13.2.1/thumb/v6-m/nofp/libgcc.a(_divsi3.o)
                0x080003e8                __aeabi_idiv
                0x080003e8                __divsi3
                0x080005b4                __aeabi_idivmod
 .text          0x080005bc        0x4 /usr/lib/gcc/arm-none-eabi/13.2.1/thumb/v6-m/nofp/libgcc.a(_dvmd_tls.o)
                0x080005bc                __aeabi_ldiv0
                0x080005bc                __aeabi_idiv0
 *(.text*)
 .text.comms_init
                0x080005c0       0x18 ../Core/Src/comms.o
                0x080005c0                comms_init
 .text.comms_transmitHandler
                0x080005d8       0x74 ../Core/Src/comms.o
                0x080005d8                comms_transmitHandler
 .text.comms_extractPacket
                0x0800064c       0xb4 ../Core/Src/comms.o
                0x0800064c                comms_extractPacket
 .text.comms_receiveHandler
                0x08000700       0x78 ../Core/Src/comms.o
                0x08000700                comms_receiveHandler
 .text.comms_stuffPacket
                0x08000778       0xb4 ../Core/Src/comms.o
                0x08000778                comms_stuffPacket
 .text.comms_packetParser
                0x0800082c      0x110 ../Core/Src/comms.o
                0x0800082c                comms_packetParser
 .text.comms_handler
                0x0800093c       0x18 ../Core/Src/comms.o
                0x0800093c                comms_handler
 .text.rb_init  0x08000954       0x1c ../Core/Src/ringBuf.o
                0x08000954                rb_init
 .text.rb_writeBuf
                0x08000970       0x40 ../Core/Src/ringBuf.o
                0x08000970                rb_writeBuf
 .text.rb_readBuf
                0x080009b0       0x54 ../Core/Src/ringBuf.o
                0x080009b0                rb_readBuf
 .text.rb_checkUnhandledData
                0x08000a04       0x10 ../Core/Src/ringBuf.o
                0x08000a04                rb_checkUnhandledData
 .text.reg_init
                0x08000a14       0x30 ../Core/Src/regFile.o
                0x08000a14                reg_init
 .text.reg_read
                0x08000a44       0x40 ../Core/Src/regFile.o
                0x08000a44                reg_read
 .text.reg_write
                0x08000a84       0x34 ../Core/Src/regFile.o
                0x08000a84                reg_write
 .text.reg_OpMetrics_handler
                0x08000ab8       0xbc ../Core/Src/regFile.o
                0x08000ab8                reg_OpMetrics_handler
 .text.reg_trackChanges
                0x08000b74       0x34 ../Core/Src/regFile.o
                0x08000b74                reg_trackChanges
 .text.startup.main
                0x08000ba8       0x48 ../Core/Src/main.o
                0x08000ba8                main
 .text.LedSwirl
                0x08000bf0      0x100 ../Core/Src/led_fsm.o
                0x08000bf0                LedSwirl
 .text.LedsToGreen
                0x08000cf0       0x24 ../Core/Src/led_fsm.o
                0x08000cf0                LedsToGreen
 .text.LedsToPulsingBlue
                0x08000d14       0x5c ../Core/Src/led_fsm.o
                0x08000d14                LedsToPulsingBlue
 .text.LedsToBlinkingYellow
                0x08000d70       0x60 ../Core/Src/led_fsm.o
                0x08000d70                LedsToBlinkingYellow
 .text.LedsToFlashingRed
                0x08000dd0       0x5c ../Core/Src/led_fsm.o
                0x08000dd0                LedsToFlashingRed
 .text.LedsToUserDefined
                0x08000e2c       0x30 ../Core/Src/led_fsm.o
                0x08000e2c                LedsToUserDefined
 .text.getColorForActualState
                0x08000e5c       0x60 ../Core/Src/led_fsm.o
                0x08000e5c                getColorForActualState
 .text.updateLedState
                0x08000ebc       0x3c ../Core/Src/led_fsm.o
                0x08000ebc                updateLedState
 .text.InitializePeripherals
                0x08000ef8      0x184 ../Core/Src/peripheral_init.o
                0x08000ef8                InitializePeripherals
 .text.SystemInit
                0x0800107c       0x10 ../Core/Src/system_stm32c0xx.o
                0x0800107c                SystemInit
 .text.setGlobalState
                0x0800108c       0x28 ../Core/Src/global_state.o
                0x0800108c                setGlobalState
 .text.resetGlobalState
                0x080010b4       0x18 ../Core/Src/global_state.o
                0x080010b4                resetGlobalState
 .text.getGlobalState
                0x080010cc       0x18 ../Core/Src/global_state.o
                0x080010cc                getGlobalState
 .text.clearGlobalState
                0x080010e4       0x28 ../Core/Src/global_state.o
                0x080010e4                clearGlobalState
 .text.rpiState
                0x0800110c       0x20 ../Core/Src/global_state.o
                0x0800110c                rpiState
 .text.updateADCreadings
                0x0800112c       0x48 ../Core/Src/power_fsm.o
                0x0800112c                updateADCreadings
 .text.enableMainPower
                0x08001174       0x14 ../Core/Src/power_fsm.o
                0x08001174                enableMainPower
 .text.disableMainPower
                0x08001188       0x14 ../Core/Src/power_fsm.o
                0x08001188                disableMainPower
 .text.enableGlobalEnableRpi
                0x0800119c       0x14 ../Core/Src/power_fsm.o
                0x0800119c                enableGlobalEnableRpi
 .text.disableGlobalEnableRpi
                0x080011b0       0x14 ../Core/Src/power_fsm.o
                0x080011b0                disableGlobalEnableRpi
 .text.enableUpsBoost
                0x080011c4       0x14 ../Core/Src/power_fsm.o
                0x080011c4                enableUpsBoost
 .text.disableUpsBoost
                0x080011d8       0x14 ../Core/Src/power_fsm.o
                0x080011d8                disableUpsBoost
 .text.enableCharging
                0x080011ec       0x10 ../Core/Src/power_fsm.o
                0x080011ec                enableCharging
 .text.disableCharging
                0x080011fc       0x10 ../Core/Src/power_fsm.o
                0x080011fc                disableCharging
 .text.enableUpsLong
                0x0800120c       0x10 ../Core/Src/power_fsm.o
                0x0800120c                enableUpsLong
 .text.disableUpsLong
                0x0800121c       0x10 ../Core/Src/power_fsm.o
                0x0800121c                disableUpsLong
 .text.handleButtonPress
                0x0800122c      0x14c ../Core/Src/power_fsm.o
                0x0800122c                handleButtonPress
 .text.getMainPowerVoltage
                0x08001378        0xc ../Core/Src/power_fsm.o
                0x08001378                getMainPowerVoltage
 .text.updateBatteryFsm
                0x08001384       0xa4 ../Core/Src/power_fsm.o
                0x08001384                updateBatteryFsm
 .text.updatePowerFsm
                0x08001428      0x124 ../Core/Src/power_fsm.o
                0x08001428                updatePowerFsm
 .text.NMI_Handler
                0x0800154c        0x4 ../Core/Src/stm32c0xx_it.o
                0x0800154c                NMI_Handler
 .text.HardFault_Handler
                0x08001550        0x4 ../Core/Src/stm32c0xx_it.o
                0x08001550                HardFault_Handler
 .text.SVC_Handler
                0x08001554        0x4 ../Core/Src/stm32c0xx_it.o
                0x08001554                SVC_Handler
 .text.PendSV_Handler
                0x08001558        0x4 ../Core/Src/stm32c0xx_it.o
                0x08001558                PendSV_Handler
 .text.isButtonPressed
                0x0800155c       0x18 ../Core/Drivers/Button/Src/button.o
                0x0800155c                isButtonPressed
 .text.isButtonReleased
                0x08001574       0x18 ../Core/Drivers/Button/Src/button.o
                0x08001574                isButtonReleased
 .text.keepButtonReleased
                0x0800158c        0xc ../Core/Drivers/Button/Src/button.o
                0x0800158c                keepButtonReleased
 .text.EXTI4_15_IRQHandler
                0x08001598       0x5c ../Core/Drivers/Button/Src/button.o
                0x08001598                EXTI4_15_IRQHandler
 .text.GenerateColorCommand
                0x080015f4       0x20 ../Core/Drivers/Leds/Src/leds.o
                0x080015f4                GenerateColorCommand
 .text.SendColorCommandArray
                0x08001614       0x38 ../Core/Drivers/Leds/Src/leds.o
                0x08001614                SendColorCommandArray
 .text.LL_RCC_GetSystemClocksFreq
                0x0800164c       0x80 ../Drivers/STM32C0xx_HAL_Driver/Src/stm32c0xx_ll_rcc.o
                0x0800164c                LL_RCC_GetSystemClocksFreq
 .text.RCC_GetSystemClockFreq
                0x080016cc       0x4c ../Drivers/STM32C0xx_HAL_Driver/Src/stm32c0xx_ll_rcc.o
                0x080016cc                RCC_GetSystemClockFreq
 .text.LL_RCC_GetUSARTClockFreq
                0x08001718       0x9c ../Drivers/STM32C0xx_HAL_Driver/Src/stm32c0xx_ll_rcc.o
                0x08001718                LL_RCC_GetUSARTClockFreq
 .text.LL_GPIO_Init
                0x080017b4      0x104 ../Drivers/STM32C0xx_HAL_Driver/Src/stm32c0xx_ll_gpio.o
                0x080017b4                LL_GPIO_Init
 .text.LL_EXTI_Init
                0x080018b8       0xb4 ../Drivers/STM32C0xx_HAL_Driver/Src/stm32c0xx_ll_exti.o
                0x080018b8                LL_EXTI_Init
 .text.LL_Init1msTick
                0x0800196c       0x20 ../Drivers/STM32C0xx_HAL_Driver/Src/stm32c0xx_ll_utils.o
                0x0800196c                LL_Init1msTick
 .text.LL_mDelay
                0x0800198c       0x30 ../Drivers/STM32C0xx_HAL_Driver/Src/stm32c0xx_ll_utils.o
                0x0800198c                LL_mDelay
 .text.LL_SetSystemCoreClock
                0x080019bc        0xc ../Drivers/STM32C0xx_HAL_Driver/Src/stm32c0xx_ll_utils.o
                0x080019bc                LL_SetSystemCoreClock
 .text.LL_ADC_REG_Init
                0x080019c8       0x58 ../Drivers/STM32C0xx_HAL_Driver/Src/stm32c0xx_ll_adc.o
                0x080019c8                LL_ADC_REG_Init
 .text.LL_USART_Init
                0x08001a20       0xe4 ../Drivers/STM32C0xx_HAL_Driver/Src/stm32c0xx_ll_usart.o
                0x08001a20                LL_USART_Init
 .text.SystemClock_Config1
                0x08001b04       0x88 ../Init/Src/system_init.o
                0x08001b04                SystemClock_Config1
 .text.InitializeSystem
                0x08001b8c       0x60 ../Init/Src/system_init.o
                0x08001b8c                InitializeSystem
 .text.SDK_GPIO_Init
                0x08001bec       0xb8 ../sdk/Src/SDK_gpio.o
                0x08001bec                SDK_GPIO_Init
 .text.SDK_GPIO_ConfigPin
                0x08001ca4       0x20 ../sdk/Src/SDK_gpio.o
                0x08001ca4                SDK_GPIO_ConfigPin
 .text.SDK_GPIO_WritePin
                0x08001cc4        0xc ../sdk/Src/SDK_gpio.o
                0x08001cc4                SDK_GPIO_WritePin
 .text.SDK_EXTI_ConfigPin
                0x08001cd0       0xc8 ../sdk/Src/SDK_gpio.o
                0x08001cd0                SDK_EXTI_ConfigPin
 .text.SDK_PWM_Init
                0x08001d98       0x98 ../sdk/Src/SDK_pwm.o
                0x08001d98                SDK_PWM_Init
 .text.SDK_PWM_Start
                0x08001e30       0x1c ../sdk/Src/SDK_pwm.o
                0x08001e30                SDK_PWM_Start
 .text.SDK_PWM_Stop
                0x08001e4c       0x1c ../sdk/Src/SDK_pwm.o
                0x08001e4c                SDK_PWM_Stop
 .text.SysTick_Handler
                0x08001e68       0x10 ../sdk/Src/SDK_systick.o
                0x08001e68                SysTick_Handler
 .text.GetmsTicks
                0x08001e78        0xc ../sdk/Src/SDK_systick.o
                0x08001e78                GetmsTicks
 .text.TIM3_IRQHandler
                0x08001e84       0x2c ../sdk/Src/SDK_tim.o
                0x08001e84                TIM3_IRQHandler
 .text.USART1_IRQHandler
                0x08001eb0       0x6c ../sdk/Src/SDK_uart.o
                0x08001eb0                USART1_IRQHandler
 .text.USART2_IRQHandler
                0x08001f1c       0x6c ../sdk/Src/SDK_uart.o
                0x08001f1c                USART2_IRQHandler
 .text.SEA_USART1_UART_Init
                0x08001f88      0x17c ../sdk/Src/SDK_uart.o
                0x08001f88                SEA_USART1_UART_Init
 .text.SEA_UART_sendByte
                0x08002104       0x20 ../sdk/Src/SDK_uart.o
                0x08002104                SEA_UART_sendByte
 .text.SDK_SPI_Init
                0x08002124       0xdc ../sdk/Src/SDK_spi.o
                0x08002124                SDK_SPI_Init
 .text.SDK_SPI_Transmit_IT
                0x08002200       0x2c ../sdk/Src/SDK_spi.o
                0x08002200                SDK_SPI_Transmit_IT
 .text.SPI1_IRQHandler
                0x0800222c       0x50 ../sdk/Src/SDK_spi.o
                0x0800222c                SPI1_IRQHandler
 .text.SDK_ADC_InitInterruptMode
                0x0800227c      0x1c8 ../sdk/Src/SDK_adc.o
                0x0800227c                SDK_ADC_InitInterruptMode
 .text.SDK_ADC_GetConversionResults
                0x08002444       0x98 ../sdk/Src/SDK_adc.o
                0x08002444                SDK_ADC_GetConversionResults
 .text.SDK_ADC_calculateVin
                0x080024dc       0x18 ../sdk/Src/SDK_adc.o
                0x080024dc                SDK_ADC_calculateVin
 .text.ADC1_IRQHandler
                0x080024f4       0x68 ../sdk/Src/SDK_adc.o
                0x080024f4                ADC1_IRQHandler
 .text.Reset_Handler
                0x0800255c       0x50 ../Core/Startup/startup_stm32c031g4ux.o
                0x0800255c                Reset_Handler
 .text.Default_Handler
                0x080025ac        0x2 ../Core/Startup/startup_stm32c031g4ux.o
                0x080025ac                TIM1_CC_IRQHandler
                0x080025ac                I2C1_IRQHandler
                0x080025ac                DMAMUX1_IRQHandler
                0x080025ac                EXTI2_3_IRQHandler
                0x080025ac                TIM17_IRQHandler
                0x080025ac                RTC_IRQHandler
                0x080025ac                TIM16_IRQHandler
                0x080025ac                RCC_IRQHandler
                0x080025ac                DMA1_Channel1_IRQHandler
                0x080025ac                Default_Handler
                0x080025ac                TIM14_IRQHandler
                0x080025ac                EXTI0_1_IRQHandler
                0x080025ac                WWDG_IRQHandler
                0x080025ac                DMA1_Channel2_3_IRQHandler
                0x080025ac                FLASH_IRQHandler
                0x080025ac                TIM1_BRK_UP_TRG_COM_IRQHandler
 *(.glue_7)
 .glue_7        0x080025ae        0x0 linker stubs
 *(.glue_7t)
 .glue_7t       0x080025ae        0x0 linker stubs
 *(.eh_frame)
 *fill*         0x080025ae        0x2 
 .eh_frame      0x080025b0        0x0 /usr/lib/gcc/arm-none-eabi/13.2.1/thumb/v6-m/nofp/crtbegin.o
 *(.init)
 .init          0x080025b0        0x4 /usr/lib/gcc/arm-none-eabi/13.2.1/thumb/v6-m/nofp/crti.o
                0x080025b0                _init
 .init          0x080025b4        0x8 /usr/lib/gcc/arm-none-eabi/13.2.1/thumb/v6-m/nofp/crtn.o
 *(.fini)
 .fini          0x080025bc        0x4 /usr/lib/gcc/arm-none-eabi/13.2.1/thumb/v6-m/nofp/crti.o
                0x080025bc                _fini
 .fini          0x080025c0        0x8 /usr/lib/gcc/arm-none-eabi/13.2.1/thumb/v6-m/nofp/crtn.o
                0x080025c8                        . = ALIGN (0x4)
                0x080025c8                        _etext = .

.vfp11_veneer   0x080025c8        0x0
 .vfp11_veneer  0x080025c8        0x0 linker stubs

.v4_bx          0x080025c8        0x0
 .v4_bx         0x080025c8        0x0 linker stubs

.iplt           0x080025c8        0x0
 .iplt          0x080025c8        0x0 /usr/lib/gcc/arm-none-eabi/13.2.1/thumb/v6-m/nofp/crtbegin.o

.rodata         0x080025c8      0x164
                0x080025c8                        . = ALIGN (0x4)
 *(.rodata)
 .rodata        0x080025c8       0x83 ../Core/Src/comms.o
 *fill*         0x0800264b        0x1 
 .rodata        0x0800264c       0x28 ../Core/Src/peripheral_init.o
 *(.rodata*)
 .rodata.updateLedState
                0x08002674       0x18 ../Core/Src/led_fsm.o
 .rodata.APBPrescTable
                0x0800268c       0x20 ../Core/Src/system_stm32c0xx.o
                0x0800268c                APBPrescTable
 .rodata.AHBPrescTable
                0x080026ac       0x40 ../Core/Src/system_stm32c0xx.o
                0x080026ac                AHBPrescTable
 .rodata.USART_PRESCALER_TAB
                0x080026ec       0x30 ../Drivers/STM32C0xx_HAL_Driver/Src/stm32c0xx_ll_usart.o
 .rodata.SEA_USART1_UART_Init.str1.4
                0x0800271c        0xd ../sdk/Src/SDK_uart.o
                0x0800272c                        . = ALIGN (0x4)
 *fill*         0x08002729        0x3 

.ARM.extab      0x0800272c        0x0
                0x0800272c                        . = ALIGN (0x4)
 *(.ARM.extab* .gnu.linkonce.armextab.*)
                0x0800272c                        . = ALIGN (0x4)

.ARM            0x0800272c        0x0
                0x0800272c                        . = ALIGN (0x4)
                0x0800272c                        __exidx_start = .
 *(.ARM.exidx*)
                0x0800272c                        __exidx_end = .
                0x0800272c                        . = ALIGN (0x4)

.preinit_array  0x0800272c        0x0
                0x0800272c                        . = ALIGN (0x4)
                0x0800272c                        PROVIDE (__preinit_array_start = .)
 *(.preinit_array*)
                0x0800272c                        PROVIDE (__preinit_array_end = .)
                0x0800272c                        . = ALIGN (0x4)

.init_array     0x0800272c        0x4
                0x0800272c                        . = ALIGN (0x4)
                0x0800272c                        PROVIDE (__init_array_start = .)
 *(SORT_BY_NAME(.init_array.*))
 *(.init_array*)
 .init_array    0x0800272c        0x4 /usr/lib/gcc/arm-none-eabi/13.2.1/thumb/v6-m/nofp/crtbegin.o
                0x08002730                        PROVIDE (__init_array_end = .)
                0x08002730                        . = ALIGN (0x4)

.fini_array     0x08002730        0x4
                0x08002730                        . = ALIGN (0x4)
                0x08002730                        PROVIDE (__fini_array_start = .)
 *(SORT_BY_NAME(.fini_array.*))
 *(.fini_array*)
 .fini_array    0x08002730        0x4 /usr/lib/gcc/arm-none-eabi/13.2.1/thumb/v6-m/nofp/crtbegin.o
                0x08002734                        PROVIDE (__fini_array_end = .)
                0x08002734                        . = ALIGN (0x4)
                0x08002734                        _sidata = LOADADDR (.data)

.data           0x20000000       0x18 load address 0x08002734
                0x20000000                        . = ALIGN (0x4)
                0x20000000                        _sdata = .
 *(.data)
 *(.data*)
 .data.brightness_step.4
                0x20000000        0x1 ../Core/Src/led_fsm.o
 .data.red.10   0x20000001        0x1 ../Core/Src/led_fsm.o
 .data.direction.11
                0x20000002        0x1 ../Core/Src/led_fsm.o
 *fill*         0x20000003        0x1 
 .data.SystemCoreClock
                0x20000004        0x4 ../Core/Src/system_stm32c0xx.o
                0x20000004                SystemCoreClock
 .data.t_UPS_CHARGERESUME
                0x20000008        0x2 ../Core/Src/power_fsm.o
                0x20000008                t_UPS_CHARGERESUME
 .data.t_MAIN_STABLE
                0x2000000a        0x2 ../Core/Src/power_fsm.o
                0x2000000a                t_MAIN_STABLE
 .data.nextPowerState
                0x2000000c        0x1 ../Core/Src/power_fsm.o
                0x2000000c                nextPowerState
 .data.currentPowerState
                0x2000000d        0x1 ../Core/Src/power_fsm.o
                0x2000000d                currentPowerState
 .data.buttonEvent
                0x2000000e        0x1 ../Core/Drivers/Button/Src/button.o
 *fill*         0x2000000f        0x1 
 .data.readBuffer
                0x20000010        0x4 ../sdk/Src/SDK_adc.o
 .data.writeBuffer
                0x20000014        0x4 ../sdk/Src/SDK_adc.o
 *(.RamFunc)
 *(.RamFunc*)
                0x20000018                        . = ALIGN (0x4)
                0x20000018                        _edata = .

.tm_clone_table
                0x20000018        0x0 load address 0x0800274c
 .tm_clone_table
                0x20000018        0x0 /usr/lib/gcc/arm-none-eabi/13.2.1/thumb/v6-m/nofp/crtbegin.o
 .tm_clone_table
                0x20000018        0x0 /usr/lib/gcc/arm-none-eabi/13.2.1/thumb/v6-m/nofp/crtend.o

.igot.plt       0x20000018        0x0 load address 0x0800274c
 .igot.plt      0x20000018        0x0 /usr/lib/gcc/arm-none-eabi/13.2.1/thumb/v6-m/nofp/crtbegin.o
                0x20000018                        . = ALIGN (0x4)

.bss            0x20000018      0x79c load address 0x0800274c
                0x20000018                        _sbss = .
                0x20000018                        __bss_start__ = _sbss
 *(.bss)
 .bss           0x20000018       0x1c /usr/lib/gcc/arm-none-eabi/13.2.1/thumb/v6-m/nofp/crtbegin.o
 *(.bss*)
 .bss.xt_Rx     0x20000034       0x85 ../Core/Src/comms.o
                0x20000034                xt_Rx
 .bss.CONFIG_old.1
                0x200000b9        0x1 ../Core/Src/regFile.o
 *fill*         0x200000ba        0x2 
 .bss.regFile   0x200000bc      0x238 ../Core/Src/regFile.o
 .bss.ticks_last
                0x200002f4        0x4 ../Core/Src/main.o
                0x200002f4                ticks_last
 .bss.leds_on.0
                0x200002f8        0x1 ../Core/Src/led_fsm.o
 *fill*         0x200002f9        0x3 
 .bss.last_flash_time.1
                0x200002fc        0x4 ../Core/Src/led_fsm.o
 .bss.leds_on.2
                0x20000300        0x1 ../Core/Src/led_fsm.o
 *fill*         0x20000301        0x3 
 .bss.last_blink_time.3
                0x20000304        0x4 ../Core/Src/led_fsm.o
 .bss.blue_brightness.5
                0x20000308        0x1 ../Core/Src/led_fsm.o
 *fill*         0x20000309        0x3 
 .bss.last_pulse_time.6
                0x2000030c        0x4 ../Core/Src/led_fsm.o
 .bss.colors.7  0x20000310        0x4 ../Core/Src/led_fsm.o
 .bss.blue.8    0x20000314        0x1 ../Core/Src/led_fsm.o
 .bss.green.9   0x20000315        0x1 ../Core/Src/led_fsm.o
 .bss.global_state
                0x20000316        0x1 ../Core/Src/global_state.o
 *fill*         0x20000317        0x1 
 .bss.stateTimer.0
                0x20000318        0x4 ../Core/Src/power_fsm.o
 .bss.stateTimer.1
                0x2000031c        0x4 ../Core/Src/power_fsm.o
 .bss.shutdownDelayTimer.2
                0x20000320        0x4 ../Core/Src/power_fsm.o
 .bss.buttonReleasedTimer.3
                0x20000324        0x4 ../Core/Src/power_fsm.o
 .bss.buttonPressedTimer.4
                0x20000328        0x4 ../Core/Src/power_fsm.o
 .bss.btnStateInc
                0x2000032c        0x1 ../Core/Src/power_fsm.o
                0x2000032c                btnStateInc
 .bss.nextBatteryState
                0x2000032d        0x1 ../Core/Src/power_fsm.o
                0x2000032d                nextBatteryState
 .bss.currentBatteryState
                0x2000032e        0x1 ../Core/Src/power_fsm.o
                0x2000032e                currentBatteryState
 *fill*         0x2000032f        0x1 
 .bss.voltageBuffer
                0x20000330        0x8 ../Core/Src/power_fsm.o
 .bss.lastDebounceTime
                0x20000338        0x4 ../Core/Drivers/Button/Src/button.o
 .bss.colorArray
                0x2000033c        0xc ../Core/Drivers/Leds/Src/leds.o
 .bss.msTicks   0x20000348        0x4 ../sdk/Src/SDK_systick.o
 .bss.UART2_TxBuf
                0x2000034c      0x110 ../sdk/Src/SDK_uart.o
                0x2000034c                UART2_TxBuf
 .bss.UART2_RxBuf
                0x2000045c      0x110 ../sdk/Src/SDK_uart.o
                0x2000045c                UART2_RxBuf
 .bss.UART1_TxBuf
                0x2000056c      0x110 ../sdk/Src/SDK_uart.o
                0x2000056c                UART1_TxBuf
 .bss.UART1_RxBuf
                0x2000067c      0x110 ../sdk/Src/SDK_uart.o
                0x2000067c                UART1_RxBuf
 .bss.myData2   0x2000078c        0x1 ../sdk/Src/SDK_uart.o
                0x2000078c                myData2
 .bss.myData1   0x2000078d        0x1 ../sdk/Src/SDK_uart.o
                0x2000078d                myData1
 .bss.USART2_cnt
                0x2000078e        0x1 ../sdk/Src/SDK_uart.o
                0x2000078e                USART2_cnt
 .bss.USART1_cnt
                0x2000078f        0x1 ../sdk/Src/SDK_uart.o
                0x2000078f                USART1_cnt
 .bss.txIndex   0x20000790        0x2 ../sdk/Src/SDK_spi.o
 .bss.txSize    0x20000792        0x2 ../sdk/Src/SDK_spi.o
 .bss.txBuffer  0x20000794        0x4 ../sdk/Src/SDK_spi.o
 .bss.adcConversionComplete
                0x20000798        0x1 ../sdk/Src/SDK_adc.o
 *fill*         0x20000799        0x1 
 .bss.adcIndex  0x2000079a        0x2 ../sdk/Src/SDK_adc.o
 .bss.adcBuffer2
                0x2000079c        0xa ../sdk/Src/SDK_adc.o
 *fill*         0x200007a6        0x2 
 .bss.adcBuffer1
                0x200007a8        0xa ../sdk/Src/SDK_adc.o
 *(COMMON)
                0x200007b4                        . = ALIGN (0x4)
 *fill*         0x200007b2        0x2 
                0x200007b4                        _ebss = .
                0x200007b4                        __bss_end__ = _ebss

._user_heap_stack
                0x200007b4      0x604 load address 0x0800274c
                0x200007b8                        . = ALIGN (0x8)
 *fill*         0x200007b4        0x4 
                [!provide]                        PROVIDE (end = .)
                0x200007b8                        PROVIDE (_end = .)
                0x200009b8                        . = (. + _Min_Heap_Size)
 *fill*         0x200007b8      0x200 
                0x20000db8                        . = (. + _Min_Stack_Size)
 *fill*         0x200009b8      0x400 
                0x20000db8                        . = ALIGN (0x8)

.PN             0x08003f00       0x10
                0x08003f00                        . = ALIGN (0x4)
 *(.PN)
 .PN            0x08003f00       0x10 ../Core/Src/regFile.o
                0x08003f00                HW_PN

.SN             0x08003f10       0x10
                0x08003f10                        . = ALIGN (0x4)
 *(.SN)
 .SN            0x08003f10       0x10 ../Core/Src/regFile.o
                0x08003f10                HW_SN

.FW             0x08003f20       0x34
                0x08003f20                        . = ALIGN (0x4)
 *(.FW)
 .FW            0x08003f20       0x34 ../Core/Src/regFile.o
                0x08003f20                HW_FW

.HW             0x08003f54       0x10
                0x08003f54                        . = ALIGN (0x4)
 *(.HW)
 .HW            0x08003f54       0x10 ../Core/Src/regFile.o
                0x08003f54                HW_HW

.rel.dyn        0x08003f64        0x0
 .rel.iplt      0x08003f64        0x0 /usr/lib/gcc/arm-none-eabi/13.2.1/thumb/v6-m/nofp/crtbegin.o

/DISCARD/
 libc.a(*)
 libm.a(*)
 libgcc.a(*)

.ARM.attributes
                0x00000000       0x28
 *(.ARM.attributes)
 .ARM.attributes
                0x00000000       0x1e /usr/lib/gcc/arm-none-eabi/13.2.1/thumb/v6-m/nofp/crti.o
 .ARM.attributes
                0x0000001e       0x2c /usr/lib/gcc/arm-none-eabi/13.2.1/thumb/v6-m/nofp/crtbegin.o
 .ARM.attributes
                0x0000004a       0x2c ../Core/Src/comms.o
 .ARM.attributes
                0x00000076       0x2c ../Core/Src/ringBuf.o
 .ARM.attributes
                0x000000a2       0x2c ../Core/Src/regFile.o
 .ARM.attributes
                0x000000ce       0x2c ../Core/Src/main.o
 .ARM.attributes
                0x000000fa       0x2c ../Core/Src/led_fsm.o
 .ARM.attributes
                0x00000126       0x2c ../Core/Src/peripheral_init.o
 .ARM.attributes
                0x00000152       0x2c ../Core/Src/system_stm32c0xx.o
 .ARM.attributes
                0x0000017e       0x2c ../Core/Src/global_state.o
 .ARM.attributes
                0x000001aa       0x2c ../Core/Src/power_fsm.o
 .ARM.attributes
                0x000001d6       0x2c ../Core/Src/stm32c0xx_it.o
 .ARM.attributes
                0x00000202       0x2c ../Core/Drivers/Button/Src/button.o
 .ARM.attributes
                0x0000022e       0x2c ../Core/Drivers/Leds/Src/leds.o
 .ARM.attributes
                0x0000025a       0x2c ../Drivers/STM32C0xx_HAL_Driver/Src/stm32c0xx_ll_rcc.o
 .ARM.attributes
                0x00000286       0x2c ../Drivers/STM32C0xx_HAL_Driver/Src/stm32c0xx_ll_gpio.o
 .ARM.attributes
                0x000002b2       0x2c ../Drivers/STM32C0xx_HAL_Driver/Src/stm32c0xx_ll_exti.o
 .ARM.attributes
                0x000002de       0x2c ../Drivers/STM32C0xx_HAL_Driver/Src/stm32c0xx_ll_utils.o
 .ARM.attributes
                0x0000030a       0x2c ../Drivers/STM32C0xx_HAL_Driver/Src/stm32c0xx_ll_adc.o
 .ARM.attributes
                0x00000336       0x2c ../Drivers/STM32C0xx_HAL_Driver/Src/stm32c0xx_ll_usart.o
 .ARM.attributes
                0x00000362       0x2c ../Init/Src/system_init.o
 .ARM.attributes
                0x0000038e       0x2c ../sdk/Src/SDK_gpio.o
 .ARM.attributes
                0x000003ba       0x2c ../sdk/Src/SDK_pwm.o
 .ARM.attributes
                0x000003e6       0x2c ../sdk/Src/SDK_systick.o
 .ARM.attributes
                0x00000412       0x2c ../sdk/Src/SDK_tim.o
 .ARM.attributes
                0x0000043e       0x2c ../sdk/Src/SDK_uart.o
 .ARM.attributes
                0x0000046a       0x2c ../sdk/Src/SDK_spi.o
 .ARM.attributes
                0x00000496       0x2c ../sdk/Src/SDK_adc.o
 .ARM.attributes
                0x000004c2       0x22 ../Core/Startup/startup_stm32c031g4ux.o
 .ARM.attributes
                0x000004e4       0x2c /usr/lib/gcc/arm-none-eabi/13.2.1/../../../arm-none-eabi/lib/thumb/v6-m/nofp/libc_nano.a(libc_a-init.o)
 .ARM.attributes
                0x00000510       0x2c /usr/lib/gcc/arm-none-eabi/13.2.1/../../../arm-none-eabi/lib/thumb/v6-m/nofp/libc_nano.a(libc_a-memset.o)
 .ARM.attributes
                0x0000053c       0x2c /usr/lib/gcc/arm-none-eabi/13.2.1/../../../arm-none-eabi/lib/thumb/v6-m/nofp/libc_nano.a(libc_a-memcpy-stub.o)
 .ARM.attributes
                0x00000568       0x1e /usr/lib/gcc/arm-none-eabi/13.2.1/thumb/v6-m/nofp/libgcc.a(_udivsi3.o)
 .ARM.attributes
                0x00000586       0x1e /usr/lib/gcc/arm-none-eabi/13.2.1/thumb/v6-m/nofp/libgcc.a(_divsi3.o)
 .ARM.attributes
                0x000005a4       0x1e /usr/lib/gcc/arm-none-eabi/13.2.1/thumb/v6-m/nofp/libgcc.a(_dvmd_tls.o)
 .ARM.attributes
                0x000005c2       0x2c /usr/lib/gcc/arm-none-eabi/13.2.1/thumb/v6-m/nofp/crtend.o
 .ARM.attributes
                0x000005ee       0x1e /usr/lib/gcc/arm-none-eabi/13.2.1/thumb/v6-m/nofp/crtn.o
OUTPUT(E45_BMC_FW_LL.elf elf32-littlearm)
LOAD linker stubs
LOAD /usr/lib/gcc/arm-none-eabi/13.2.1/../../../arm-none-eabi/lib/thumb/v6-m/nofp/libc.a
LOAD /usr/lib/gcc/arm-none-eabi/13.2.1/../../../arm-none-eabi/lib/thumb/v6-m/nofp/libm.a
LOAD /usr/lib/gcc/arm-none-eabi/13.2.1/thumb/v6-m/nofp/libgcc.a

.comment        0x00000000       0x26
 .comment       0x00000000       0x26 /usr/lib/gcc/arm-none-eabi/13.2.1/thumb/v6-m/nofp/crtbegin.o
                                 0x27 (size before relaxing)
 .comment       0x00000026       0x27 ../Core/Src/comms.o
 .comment       0x00000026       0x27 ../Core/Src/ringBuf.o
 .comment       0x00000026       0x27 ../Core/Src/regFile.o
 .comment       0x00000026       0x27 ../Core/Src/main.o
 .comment       0x00000026       0x27 ../Core/Src/led_fsm.o
 .comment       0x00000026       0x27 ../Core/Src/peripheral_init.o
 .comment       0x00000026       0x27 ../Core/Src/system_stm32c0xx.o
 .comment       0x00000026       0x27 ../Core/Src/global_state.o
 .comment       0x00000026       0x27 ../Core/Src/power_fsm.o
 .comment       0x00000026       0x27 ../Core/Src/stm32c0xx_it.o
 .comment       0x00000026       0x27 ../Core/Drivers/Button/Src/button.o
 .comment       0x00000026       0x27 ../Core/Drivers/Leds/Src/leds.o
 .comment       0x00000026       0x27 ../Drivers/STM32C0xx_HAL_Driver/Src/stm32c0xx_ll_rcc.o
 .comment       0x00000026       0x27 ../Drivers/STM32C0xx_HAL_Driver/Src/stm32c0xx_ll_gpio.o
 .comment       0x00000026       0x27 ../Drivers/STM32C0xx_HAL_Driver/Src/stm32c0xx_ll_exti.o
 .comment       0x00000026       0x27 ../Drivers/STM32C0xx_HAL_Driver/Src/stm32c0xx_ll_utils.o
 .comment       0x00000026       0x27 ../Drivers/STM32C0xx_HAL_Driver/Src/stm32c0xx_ll_adc.o
 .comment       0x00000026       0x27 ../Drivers/STM32C0xx_HAL_Driver/Src/stm32c0xx_ll_usart.o
 .comment       0x00000026       0x27 ../Init/Src/system_init.o
 .comment       0x00000026       0x27 ../sdk/Src/SDK_gpio.o
 .comment       0x00000026       0x27 ../sdk/Src/SDK_pwm.o
 .comment       0x00000026       0x27 ../sdk/Src/SDK_systick.o
 .comment       0x00000026       0x27 ../sdk/Src/SDK_tim.o
 .comment       0x00000026       0x27 ../sdk/Src/SDK_uart.o
 .comment       0x00000026       0x27 ../sdk/Src/SDK_spi.o
 .comment       0x00000026       0x27 ../sdk/Src/SDK_adc.o
 .comment       0x00000026       0x27 /usr/lib/gcc/arm-none-eabi/13.2.1/../../../arm-none-eabi/lib/thumb/v6-m/nofp/libc_nano.a(libc_a-init.o)
 .comment       0x00000026       0x27 /usr/lib/gcc/arm-none-eabi/13.2.1/../../../arm-none-eabi/lib/thumb/v6-m/nofp/libc_nano.a(libc_a-memset.o)
 .comment       0x00000026       0x27 /usr/lib/gcc/arm-none-eabi/13.2.1/../../../arm-none-eabi/lib/thumb/v6-m/nofp/libc_nano.a(libc_a-memcpy-stub.o)
 .comment       0x00000026       0x27 /usr/lib/gcc/arm-none-eabi/13.2.1/thumb/v6-m/nofp/crtend.o

.debug_info     0x00000000      0x44a
 .debug_info    0x00000000      0x10b /usr/lib/gcc/arm-none-eabi/13.2.1/../../../arm-none-eabi/lib/thumb/v6-m/nofp/libc_nano.a(libc_a-init.o)
 .debug_info    0x0000010b      0x135 /usr/lib/gcc/arm-none-eabi/13.2.1/../../../arm-none-eabi/lib/thumb/v6-m/nofp/libc_nano.a(libc_a-memset.o)
 .debug_info    0x00000240      0x152 /usr/lib/gcc/arm-none-eabi/13.2.1/../../../arm-none-eabi/lib/thumb/v6-m/nofp/libc_nano.a(libc_a-memcpy-stub.o)
 .debug_info    0x00000392       0x3e /usr/lib/gcc/arm-none-eabi/13.2.1/thumb/v6-m/nofp/libgcc.a(_udivsi3.o)
 .debug_info    0x000003d0       0x3e /usr/lib/gcc/arm-none-eabi/13.2.1/thumb/v6-m/nofp/libgcc.a(_divsi3.o)
 .debug_info    0x0000040e       0x3c /usr/lib/gcc/arm-none-eabi/13.2.1/thumb/v6-m/nofp/libgcc.a(_dvmd_tls.o)

.debug_abbrev   0x00000000      0x2c0
 .debug_abbrev  0x00000000       0xc9 /usr/lib/gcc/arm-none-eabi/13.2.1/../../../arm-none-eabi/lib/thumb/v6-m/nofp/libc_nano.a(libc_a-init.o)
 .debug_abbrev  0x000000c9       0xb7 /usr/lib/gcc/arm-none-eabi/13.2.1/../../../arm-none-eabi/lib/thumb/v6-m/nofp/libc_nano.a(libc_a-memset.o)
 .debug_abbrev  0x00000180       0xca /usr/lib/gcc/arm-none-eabi/13.2.1/../../../arm-none-eabi/lib/thumb/v6-m/nofp/libc_nano.a(libc_a-memcpy-stub.o)
 .debug_abbrev  0x0000024a       0x28 /usr/lib/gcc/arm-none-eabi/13.2.1/thumb/v6-m/nofp/libgcc.a(_udivsi3.o)
 .debug_abbrev  0x00000272       0x28 /usr/lib/gcc/arm-none-eabi/13.2.1/thumb/v6-m/nofp/libgcc.a(_divsi3.o)
 .debug_abbrev  0x0000029a       0x26 /usr/lib/gcc/arm-none-eabi/13.2.1/thumb/v6-m/nofp/libgcc.a(_dvmd_tls.o)

.debug_loclists
                0x00000000      0x4e7
 .debug_loclists
                0x00000000       0x5a /usr/lib/gcc/arm-none-eabi/13.2.1/../../../arm-none-eabi/lib/thumb/v6-m/nofp/libc_nano.a(libc_a-init.o)
 .debug_loclists
                0x0000005a      0x1c6 /usr/lib/gcc/arm-none-eabi/13.2.1/../../../arm-none-eabi/lib/thumb/v6-m/nofp/libc_nano.a(libc_a-memset.o)
 .debug_loclists
                0x00000220      0x2c7 /usr/lib/gcc/arm-none-eabi/13.2.1/../../../arm-none-eabi/lib/thumb/v6-m/nofp/libc_nano.a(libc_a-memcpy-stub.o)

.debug_aranges  0x00000000       0xc0
 .debug_aranges
                0x00000000       0x20 /usr/lib/gcc/arm-none-eabi/13.2.1/../../../arm-none-eabi/lib/thumb/v6-m/nofp/libc_nano.a(libc_a-init.o)
 .debug_aranges
                0x00000020       0x20 /usr/lib/gcc/arm-none-eabi/13.2.1/../../../arm-none-eabi/lib/thumb/v6-m/nofp/libc_nano.a(libc_a-memset.o)
 .debug_aranges
                0x00000040       0x20 /usr/lib/gcc/arm-none-eabi/13.2.1/../../../arm-none-eabi/lib/thumb/v6-m/nofp/libc_nano.a(libc_a-memcpy-stub.o)
 .debug_aranges
                0x00000060       0x20 /usr/lib/gcc/arm-none-eabi/13.2.1/thumb/v6-m/nofp/libgcc.a(_udivsi3.o)
 .debug_aranges
                0x00000080       0x20 /usr/lib/gcc/arm-none-eabi/13.2.1/thumb/v6-m/nofp/libgcc.a(_divsi3.o)
 .debug_aranges
                0x000000a0       0x20 /usr/lib/gcc/arm-none-eabi/13.2.1/thumb/v6-m/nofp/libgcc.a(_dvmd_tls.o)

.debug_line     0x00000000      0x5a6
 .debug_line    0x00000000      0x105 /usr/lib/gcc/arm-none-eabi/13.2.1/../../../arm-none-eabi/lib/thumb/v6-m/nofp/libc_nano.a(libc_a-init.o)
 .debug_line    0x00000105      0x1bd /usr/lib/gcc/arm-none-eabi/13.2.1/../../../arm-none-eabi/lib/thumb/v6-m/nofp/libc_nano.a(libc_a-memset.o)
 .debug_line    0x000002c2      0x1e7 /usr/lib/gcc/arm-none-eabi/13.2.1/../../../arm-none-eabi/lib/thumb/v6-m/nofp/libc_nano.a(libc_a-memcpy-stub.o)
 .debug_line    0x000004a9       0x56 /usr/lib/gcc/arm-none-eabi/13.2.1/thumb/v6-m/nofp/libgcc.a(_udivsi3.o)
 .debug_line    0x000004ff       0x5d /usr/lib/gcc/arm-none-eabi/13.2.1/thumb/v6-m/nofp/libgcc.a(_divsi3.o)
 .debug_line    0x0000055c       0x4a /usr/lib/gcc/arm-none-eabi/13.2.1/thumb/v6-m/nofp/libgcc.a(_dvmd_tls.o)

.debug_str      0x00000000      0x35c
 .debug_str     0x00000000      0x35c /usr/lib/gcc/arm-none-eabi/13.2.1/../../../arm-none-eabi/lib/thumb/v6-m/nofp/libc_nano.a(libc_a-init.o)
                                0x1f3 (size before relaxing)
 .debug_str     0x0000035c      0x1a6 /usr/lib/gcc/arm-none-eabi/13.2.1/../../../arm-none-eabi/lib/thumb/v6-m/nofp/libc_nano.a(libc_a-memset.o)
 .debug_str     0x0000035c      0x1c3 /usr/lib/gcc/arm-none-eabi/13.2.1/../../../arm-none-eabi/lib/thumb/v6-m/nofp/libc_nano.a(libc_a-memcpy-stub.o)
 .debug_str     0x0000035c       0xbe /usr/lib/gcc/arm-none-eabi/13.2.1/thumb/v6-m/nofp/libgcc.a(_udivsi3.o)
 .debug_str     0x0000035c       0xbc /usr/lib/gcc/arm-none-eabi/13.2.1/thumb/v6-m/nofp/libgcc.a(_divsi3.o)
 .debug_str     0x0000035c       0xbf /usr/lib/gcc/arm-none-eabi/13.2.1/thumb/v6-m/nofp/libgcc.a(_dvmd_tls.o)

.debug_frame    0x00000000       0xcc
 .debug_frame   0x00000000       0x2c /usr/lib/gcc/arm-none-eabi/13.2.1/../../../arm-none-eabi/lib/thumb/v6-m/nofp/libc_nano.a(libc_a-init.o)
 .debug_frame   0x0000002c       0x30 /usr/lib/gcc/arm-none-eabi/13.2.1/../../../arm-none-eabi/lib/thumb/v6-m/nofp/libc_nano.a(libc_a-memset.o)
 .debug_frame   0x0000005c       0x30 /usr/lib/gcc/arm-none-eabi/13.2.1/../../../arm-none-eabi/lib/thumb/v6-m/nofp/libc_nano.a(libc_a-memcpy-stub.o)
 .debug_frame   0x0000008c       0x20 /usr/lib/gcc/arm-none-eabi/13.2.1/thumb/v6-m/nofp/libgcc.a(_udivsi3.o)
 .debug_frame   0x000000ac       0x20 /usr/lib/gcc/arm-none-eabi/13.2.1/thumb/v6-m/nofp/libgcc.a(_divsi3.o)

.debug_line_str
                0x00000000       0x97
 .debug_line_str
                0x00000000       0x97 /usr/lib/gcc/arm-none-eabi/13.2.1/thumb/v6-m/nofp/libgcc.a(_udivsi3.o)
 .debug_line_str
                0x00000097       0x97 /usr/lib/gcc/arm-none-eabi/13.2.1/thumb/v6-m/nofp/libgcc.a(_divsi3.o)
 .debug_line_str
                0x00000097       0x97 /usr/lib/gcc/arm-none-eabi/13.2.1/thumb/v6-m/nofp/libgcc.a(_dvmd_tls.o)
